d:\programming\git_rsaroha\ghcp\opengl-outline\obj\debug\vc145.pdb
d:\programming\git_rsaroha\ghcp\opengl-outline\obj\debug\vc145.idb
d:\programming\git_rsaroha\ghcp\opengl-outline\obj\debug\ui.obj
d:\programming\git_rsaroha\ghcp\opengl-outline\obj\debug\renderer.obj
d:\programming\git_rsaroha\ghcp\opengl-outline\obj\debug\main.obj
d:\programming\git_rsaroha\ghcp\opengl-outline\obj\debug\imgui_widgets.obj
d:\programming\git_rsaroha\ghcp\opengl-outline\obj\debug\imgui_tables.obj
d:\programming\git_rsaroha\ghcp\opengl-outline\obj\debug\imgui_impl_opengl3.obj
d:\programming\git_rsaroha\ghcp\opengl-outline\obj\debug\imgui_draw.obj
d:\programming\git_rsaroha\ghcp\opengl-outline\obj\debug\imgui.obj
d:\programming\git_rsaroha\ghcp\opengl-outline\obj\debug\imgui_impl_win32.obj
d:\programming\git_rsaroha\ghcp\opengl-outline\bin\debug\opengloutline.exe
d:\programming\git_rsaroha\ghcp\opengl-outline\bin\debug\opengloutline.pdb
d:\programming\git_rsaroha\ghcp\opengl-outline\obj\debug\opengloutline.ilk
d:\programming\git_rsaroha\ghcp\opengl-outline\obj\debug\opengloutline.vcxproj.filelistabsolute.txt
d:\programming\git_rsaroha\ghcp\opengl-outline\obj\debug\opengloutline.tlog\cl.command.1.tlog
d:\programming\git_rsaroha\ghcp\opengl-outline\obj\debug\opengloutline.tlog\cl.items.tlog
d:\programming\git_rsaroha\ghcp\opengl-outline\obj\debug\opengloutline.tlog\cl.read.1.tlog
d:\programming\git_rsaroha\ghcp\opengl-outline\obj\debug\opengloutline.tlog\cl.write.1.tlog
d:\programming\git_rsaroha\ghcp\opengl-outline\obj\debug\opengloutline.tlog\link.command.1.tlog
d:\programming\git_rsaroha\ghcp\opengl-outline\obj\debug\opengloutline.tlog\link.read.1.tlog
d:\programming\git_rsaroha\ghcp\opengl-outline\obj\debug\opengloutline.tlog\link.secondary.1.tlog
d:\programming\git_rsaroha\ghcp\opengl-outline\obj\debug\opengloutline.tlog\link.write.1.tlog
